
CondaValueError: prefix already exists: /rds/general/user/trs20/home/anaconda3/envs/nonconvex_ro_env

/rds/general/user/trs20/home/nonconvex_ro/nonconvex_ro/case_studies.py:51: FutureWarning: The frame.append method is deprecated and will be removed from pandas in a future version. Use pandas.concat instead.
  problem_res = problem_res.append(
/rds/general/user/trs20/home/nonconvex_ro/nonconvex_ro/case_studies.py:51: FutureWarning: The frame.append method is deprecated and will be removed from pandas in a future version. Use pandas.concat instead.
  problem_res = problem_res.append(
/rds/general/user/trs20/home/nonconvex_ro/nonconvex_ro/case_studies.py:51: FutureWarning: The frame.append method is deprecated and will be removed from pandas in a future version. Use pandas.concat instead.
  problem_res = problem_res.append(
/rds/general/user/trs20/home/nonconvex_ro/nonconvex_ro/case_studies.py:51: FutureWarning: The frame.append method is deprecated and will be removed from pandas in a future version. Use pandas.concat instead.
  problem_res = problem_res.append(
/rds/general/user/trs20/home/nonconvex_ro/nonconvex_ro/case_studies.py:51: FutureWarning: The frame.append method is deprecated and will be removed from pandas in a future version. Use pandas.concat instead.
  problem_res = problem_res.append(
/rds/general/user/trs20/home/nonconvex_ro/nonconvex_ro/case_studies.py:51: FutureWarning: The frame.append method is deprecated and will be removed from pandas in a future version. Use pandas.concat instead.
  problem_res = problem_res.append(
/rds/general/user/trs20/home/nonconvex_ro/nonconvex_ro/case_studies.py:51: FutureWarning: The frame.append method is deprecated and will be removed from pandas in a future version. Use pandas.concat instead.
  problem_res = problem_res.append(
/rds/general/user/trs20/home/nonconvex_ro/nonconvex_ro/case_studies.py:51: FutureWarning: The frame.append method is deprecated and will be removed from pandas in a future version. Use pandas.concat instead.
  problem_res = problem_res.append(
/rds/general/user/trs20/home/nonconvex_ro/nonconvex_ro/case_studies.py:51: FutureWarning: The frame.append method is deprecated and will be removed from pandas in a future version. Use pandas.concat instead.
  problem_res = problem_res.append(
/rds/general/user/trs20/home/nonconvex_ro/nonconvex_ro/case_studies.py:55: FutureWarning: In future versions `DataFrame.to_latex` is expected to utilise the base implementation of `Styler.to_latex` for formatting and rendering. The arguments signature may therefore change. It is recommended instead to use `DataFrame.style.to_latex` which also contains additional functionality.
  print(problem_res.to_latex(index=False))
\begin{tabular}{lllr}
\toprule
         case & variables & constraints &  parameters \\
\midrule
heat\_exchange &         7 &           3 &        13.0 \\
          toy &         2 &           1 &         1.0 \\
    reactor\_5 &         5 &           1 &         9.0 \\
    reactor\_3 &         3 &           1 &         7.0 \\
    reactor\_2 &         2 &           1 &         6.0 \\
     supply\_5 &        13 &          13 &        27.0 \\
    supply\_10 &        37 &          22 &        64.0 \\
    supply\_20 &       111 &          38 &       162.0 \\
    supply\_50 &       551 &          86 &       675.0 \\
\bottomrule
\end{tabular}


SOLVING  heat_exchange  USING  MINLP IE 1 

RUNNING ALTERNATIVE FUNCTION 

TAKING TOO LONG... GIVE UP 


SOLVING  toy  USING  MINLP IE 1 

Starting to solve...
ERROR: Unable to clone Pyomo component attribute. Component 'x' contains an
    uncopyable field '_init_values' (<class
    'pyomo.core.base.set.TuplizeValuesInitializer'>)
SOLVED NORMALLY :) 


SOLVING  reactor_5  USING  MINLP IE 1 

Starting to solve...
ERROR: Unable to clone Pyomo component attribute. Component 'x' contains an
    uncopyable field '_init_values' (<class
    'pyomo.core.base.set.TuplizeValuesInitializer'>)
RUNNING ALTERNATIVE FUNCTION 

Starting to solve...
Traceback (most recent call last):
  File "/rds/general/user/trs20/home/nonconvex_ro/nonconvex_ro/case_studies.py", line 152, in <module>
    res = run(key, value, m)
  File "/rds/general/user/trs20/home/nonconvex_ro/nonconvex_ro/case_studies.py", line 122, in run
    res = m(cases[k], "mindtpy", e, n)
  File "/rds/general/user/trs20/home/nonconvex_ro/nonconvex_ro/run_it.py", line 55, in run_it_case
    SolverFactory(solver).solve(m_upper)
  File "/rds/general/user/trs20/home/anaconda3/envs/nonconvex_ro_env/lib/python3.10/site-packages/pyomo/contrib/mindtpy/MindtPy.py", line 231, in solve
    MindtPy_initialize_main(solve_data, config)
  File "/rds/general/user/trs20/home/anaconda3/envs/nonconvex_ro_env/lib/python3.10/site-packages/pyomo/contrib/mindtpy/initialization.py", line 92, in MindtPy_initialize_main
    init_rNLP(solve_data, config)
  File "/rds/general/user/trs20/home/anaconda3/envs/nonconvex_ro_env/lib/python3.10/site-packages/pyomo/contrib/mindtpy/initialization.py", line 133, in init_rNLP
    results = nlpopt.solve(m, tee=config.nlp_solver_tee, **nlp_args)
  File "/rds/general/user/trs20/home/anaconda3/envs/nonconvex_ro_env/lib/python3.10/site-packages/pyomo/opt/base/solvers.py", line 579, in solve
    _status = self._apply_solver()
  File "/rds/general/user/trs20/home/anaconda3/envs/nonconvex_ro_env/lib/python3.10/site-packages/pyomo/opt/solver/shellcmd.py", line 255, in _apply_solver
    self._rc, self._log = self._execute_command(self._command)
  File "/rds/general/user/trs20/home/anaconda3/envs/nonconvex_ro_env/lib/python3.10/site-packages/pyomo/opt/solver/shellcmd.py", line 323, in _execute_command
    results = subprocess.run(
  File "/rds/general/user/trs20/home/anaconda3/envs/nonconvex_ro_env/lib/python3.10/subprocess.py", line 503, in run
    stdout, stderr = process.communicate(input, timeout=timeout)
  File "/rds/general/user/trs20/home/anaconda3/envs/nonconvex_ro_env/lib/python3.10/subprocess.py", line 1141, in communicate
    self.wait()
  File "/rds/general/user/trs20/home/anaconda3/envs/nonconvex_ro_env/lib/python3.10/subprocess.py", line 1204, in wait
    return self._wait(timeout=timeout)
  File "/rds/general/user/trs20/home/anaconda3/envs/nonconvex_ro_env/lib/python3.10/subprocess.py", line 1938, in _wait
    (pid, sts) = self._try_wait(0)
  File "/rds/general/user/trs20/home/anaconda3/envs/nonconvex_ro_env/lib/python3.10/subprocess.py", line 1896, in _try_wait
    (pid, sts) = os.waitpid(self.pid, wait_flags)
  File "/rds/general/user/trs20/home/nonconvex_ro/nonconvex_ro/case_studies.py", line 111, in timeout_handler
    raise TimeoutException
__main__.TimeoutException

During handling of the above exception, another exception occurred:

Traceback (most recent call last):
  File "/rds/general/user/trs20/home/nonconvex_ro/nonconvex_ro/case_studies.py", line 163, in <module>
    res['problems_solved'] = res['problems_solved'] + ' (SolveTimeoutException)'
TypeError: unsupported operand type(s) for +: 'int' and 'str'
/rds/general/user/trs20/home/nonconvex_ro/nonconvex_ro/results_analysis.py:28: FutureWarning: The frame.append method is deprecated and will be removed from pandas in a future version. Use pandas.concat instead.
  problem_dict = problem_dict.append(method_dict, ignore_index=True)
/rds/general/user/trs20/home/nonconvex_ro/nonconvex_ro/results_analysis.py:28: FutureWarning: The frame.append method is deprecated and will be removed from pandas in a future version. Use pandas.concat instead.
  problem_dict = problem_dict.append(method_dict, ignore_index=True)
/rds/general/user/trs20/home/nonconvex_ro/nonconvex_ro/results_analysis.py:28: FutureWarning: The frame.append method is deprecated and will be removed from pandas in a future version. Use pandas.concat instead.
  problem_dict = problem_dict.append(method_dict, ignore_index=True)
/rds/general/user/trs20/home/nonconvex_ro/nonconvex_ro/results_analysis.py:28: FutureWarning: The frame.append method is deprecated and will be removed from pandas in a future version. Use pandas.concat instead.
  problem_dict = problem_dict.append(method_dict, ignore_index=True)
/rds/general/user/trs20/home/nonconvex_ro/nonconvex_ro/results_analysis.py:69: FutureWarning: In future versions `DataFrame.to_latex` is expected to utilise the base implementation of `Styler.to_latex` for formatting and rendering. The arguments signature may therefore change. It is recommended instead to use `DataFrame.style.to_latex` which also contains additional functionality.
  print(problem_dfs[i].to_latex(index=True))
/rds/general/user/trs20/home/nonconvex_ro/nonconvex_ro/results_analysis.py:69: FutureWarning: In future versions `DataFrame.to_latex` is expected to utilise the base implementation of `Styler.to_latex` for formatting and rendering. The arguments signature may therefore change. It is recommended instead to use `DataFrame.style.to_latex` which also contains additional functionality.
  print(problem_dfs[i].to_latex(index=True))
/rds/general/user/trs20/home/nonconvex_ro/nonconvex_ro/results_analysis.py:73: FutureWarning: In future versions `DataFrame.to_latex` is expected to utilise the base implementation of `Styler.to_latex` for formatting and rendering. The arguments signature may therefore change. It is recommended instead to use `DataFrame.style.to_latex` which also contains additional functionality.
  print(problem_dfs[i].to_latex(index=True))
/rds/general/user/trs20/home/nonconvex_ro/nonconvex_ro/results_analysis.py:73: FutureWarning: In future versions `DataFrame.to_latex` is expected to utilise the base implementation of `Styler.to_latex` for formatting and rendering. The arguments signature may therefore change. It is recommended instead to use `DataFrame.style.to_latex` which also contains additional functionality.
  print(problem_dfs[i].to_latex(index=True))
\begin{tabular}{llllllllll}
\toprule
{} & \multicolumn{3}{l}{wallclock\_time} & \multicolumn{3}{l}{problems\_solved} & \multicolumn{3}{l}{average\_constraints\_in\_any\_problem} \\
{} &              5 &      3 &      2 &               5 &   3 &   2 &                                  5 &      3 &      2 \\
\midrule
Blankenship-Faulk All    &          0.668 &  0.146 &  0.137 &               4 &   4 &   4 &                               0.75 &   0.75 &   0.75 \\
Blankenship-Faulk Single &           0.16 &  0.158 &  0.158 &               4 &   4 &   4 &                               0.75 &   0.75 &   0.75 \\
Blankenship-Faulk Five   &          0.096 &  0.102 &  0.089 &               2 &   2 &   2 &                                0.5 &    0.5 &    0.5 \\
Restriction of RHS       &          2.039 &  1.768 &  1.701 &              36 &  36 &  36 &                              1.722 &  1.722 &  1.722 \\
\bottomrule
\end{tabular}

\begin{tabular}{lllllllllllll}
\toprule
{} & \multicolumn{4}{l}{wallclock\_time} & \multicolumn{4}{l}{problems\_solved} & \multicolumn{4}{l}{average\_constraints\_in\_any\_problem} \\
{} &             5  &     10 &     20 &      50 &              5  &   10 &   20 &   50 &                                 5  &     10 &     20 &     50 \\
\midrule
Blankenship-Faulk All    &          2.518 &  3.247 &  3.849 &  37.232 &              70 &   85 &   87 &  670 &                              1.943 &  1.824 &  1.529 &  1.661 \\
Blankenship-Faulk Single &            N/A &    N/A &    N/A &     N/A &             N/A &  N/A &  N/A &  N/A &                                N/A &    N/A &    N/A &    N/A \\
Blankenship-Faulk Five   &          0.617 &  1.043 &  1.659 &   5.309 &              10 &   17 &   29 &   67 &                                1.3 &  1.294 &   1.31 &  1.284 \\
Restriction of RHS       &            N/A &    N/A &    N/A &     N/A &             N/A &  N/A &  N/A &  N/A &                                N/A &    N/A &    N/A &    N/A \\
\bottomrule
\end{tabular}

\begin{tabular}{llll}
\toprule
{} & wallclock\_time & problems\_solved & average\_constraints\_in\_any\_problem \\
\midrule
Blankenship-Faulk All    &          0.583 &              12 &                              1.167 \\
Blankenship-Faulk Single &          1.013 &              16 &                              1.125 \\
Blankenship-Faulk Five   &          0.295 &               4 &                               0.75 \\
Restriction of RHS       &          0.646 &              16 &                              1.062 \\
\bottomrule
\end{tabular}

\begin{tabular}{llll}
\toprule
{} & wallclock\_time & problems\_solved & average\_constraints\_in\_any\_problem \\
\midrule
Blankenship-Faulk All    &          0.803 &              20 &                               2.75 \\
Blankenship-Faulk Single &           0.86 &              20 &                               2.75 \\
Blankenship-Faulk Five   &          0.083 &               2 &                                0.5 \\
Restriction of RHS       &          1.567 &              44 &                                3.0 \\
\bottomrule
\end{tabular}

